[codepassenger.com/html/bigshow/index.html]
[backblue.gif]
[fade.gif]
[index.html]
[codepassenger.com/html/bigshow/images/template/favicon.png]
[codepassenger.com/html/bigshow/images/template/apple-touch-icon.png]
[codepassenger.com/html/bigshow/images/template/icon-72x72.png]
[codepassenger.com/html/bigshow/images/template/icon-114x114.png]
[codepassenger.com/html/bigshow/login.html]
[codepassenger.com/html/bigshow/signup.html]
[codepassenger.com/html/bigshow/index-2.html]
[codepassenger.com/html/bigshow/images/template/logo.png]
[codepassenger.com/html/bigshow/tv-show.html]
[codepassenger.com/html/bigshow/movie-list.html]
[codepassenger.com/html/bigshow/movie-detail.html]
[codepassenger.com/html/bigshow/celebrities.html]
[codepassenger.com/html/bigshow/celebrity-detail.html]
[codepassenger.com/html/bigshow/news.html]
[codepassenger.com/html/bigshow/news-detail.html]
[codepassenger.com/html/bigshow/images/movies/1.png]
[codepassenger.com/html/bigshow/images/movies/2.png]
[codepassenger.com/html/bigshow/images/movies/3.png]
[codepassenger.com/html/bigshow/images/movies/4.png]
[codepassenger.com/html/bigshow/images/movies/upcomming-featured.png]
[codepassenger.com/html/bigshow/images/movies/upcomming-1.png]
[codepassenger.com/html/bigshow/images/movies/upcomming-2.png]
[codepassenger.com/html/bigshow/images/movies/upcomming-3.png]
[codepassenger.com/html/bigshow/images/news/featured-news.png]
[codepassenger.com/html/bigshow/images/news/1.png]
[codepassenger.com/html/bigshow/images/news/2.png]
[codepassenger.com/html/bigshow/images/template/logo-footer.png]
[codepassenger.com/html/bigshow/images/icons/google-play.png]
[codepassenger.com/html/bigshow/images/icons/app-store.png]
[codepassenger.com/html/bigshow/assets/js/jquery.min.js]
[codepassenger.com/html/bigshow/assets/js/bootstrap.min.js]
[codepassenger.com/html/bigshow/assets/js/owl.carousel.js]
[codepassenger.com/html/bigshow/assets/js/jquery.magnific-popup.min.js]
[codepassenger.com/html/bigshow/assets/js/jquery.ajaxchimp.min.js]
[codepassenger.com/html/bigshow/assets/js/map.js]
[codepassenger.com/html/bigshow/assets/js/custom.js]
[codepassenger.com/html/bigshow/index.html]
[codepassenger.com/html/bigshow/assets/fonts/glyphicons-halflings-regular.eot]
[codepassenger.com/html/bigshow/assets/fonts/glyphicons-halflings-regulard41d.eot]
[codepassenger.com/html/bigshow/assets/fonts/glyphicons-halflings-regular.woff]
[codepassenger.com/html/bigshow/assets/fonts/glyphicons-halflings-regular.ttf]
[codepassenger.com/html/bigshow/assets/css/bootstrap.min.css]
[codepassenger.com/html/bigshow/assets/fonts/fontawesome-webfont3e6e.eot]
[codepassenger.com/html/bigshow/assets/fonts/fontawesome-webfontd41d.eot]
[codepassenger.com/html/bigshow/assets/fonts/fontawesome-webfont3e6e.woff]
[codepassenger.com/html/bigshow/assets/fonts/fontawesome-webfont3e6e.ttf]
[codepassenger.com/html/bigshow/assets/css/font-awesome.min.css]
[codepassenger.com/html/bigshow/assets/css/owl.carousel.css]
[codepassenger.com/html/bigshow/assets/css/owl.transitions.css]
[codepassenger.com/html/bigshow/assets/css/magnific-popup.css]
[codepassenger.com/html/bigshow/images/bg/page-header.png]
[codepassenger.com/html/bigshow/images/slider/1.png]
[codepassenger.com/html/bigshow/images/slider/2.png]
[codepassenger.com/html/bigshow/images/slider/3.png]
[codepassenger.com/html/bigshow/images/icons/bstar.png]
[codepassenger.com/html/bigshow/images/icons/mstar.png]
[codepassenger.com/html/bigshow/images/bg/pattern.png]
[codepassenger.com/html/bigshow/images/bg/single-page-header.png]
[codepassenger.com/html/bigshow/images/bg/single-celebrity-header.png]
[codepassenger.com/html/bigshow/assets/css/style.css]
[codepassenger.com/html/bigshow/assets/css/responsive.css]
[codepassenger.com/html/bigshow/images/template/logo-white.png]
[codepassenger.com/html/bigshow/login.html]
[codepassenger.com/html/bigshow/signup.html]
[codepassenger.com/html/bigshow/index-2.html]
[codepassenger.com/html/bigshow/images/movies/5.png]
[codepassenger.com/html/bigshow/images/movies/6.png]
[codepassenger.com/html/bigshow/images/movies/7.png]
[codepassenger.com/html/bigshow/images/movies/8.png]
[codepassenger.com/html/bigshow/images/movies/9.png]
[codepassenger.com/html/bigshow/images/movies/10.png]
[codepassenger.com/html/bigshow/images/movies/11.png]
[codepassenger.com/html/bigshow/images/movies/12.png]
[codepassenger.com/html/bigshow/tv-show.html]
[codepassenger.com/html/bigshow/movie-list.html]
[codepassenger.com/html/bigshow/images/movies/movie-single.png]
[codepassenger.com/html/bigshow/images/slider/single-1.png]
[codepassenger.com/html/bigshow/images/slider/single-2.png]
[codepassenger.com/html/bigshow/movie-detail.html]
[codepassenger.com/html/bigshow/images/celebrity/1.png]
[codepassenger.com/html/bigshow/images/celebrity/2.png]
[codepassenger.com/html/bigshow/images/celebrity/3.png]
[codepassenger.com/html/bigshow/images/celebrity/4.png]
[codepassenger.com/html/bigshow/images/celebrity/5.png]
[codepassenger.com/html/bigshow/images/celebrity/6.png]
[codepassenger.com/html/bigshow/images/celebrity/7.png]
[codepassenger.com/html/bigshow/images/celebrity/8.png]
[codepassenger.com/html/bigshow/images/celebrity/9.png]
[codepassenger.com/html/bigshow/images/celebrity/10.png]
[codepassenger.com/html/bigshow/images/celebrity/11.png]
[codepassenger.com/html/bigshow/images/celebrity/12.png]
[codepassenger.com/html/bigshow/celebrities.html]
[codepassenger.com/html/bigshow/images/slider/single-3.png]
[codepassenger.com/html/bigshow/images/movies/s1.png]
[codepassenger.com/html/bigshow/images/movies/s2.png]
[codepassenger.com/html/bigshow/images/movies/s3.png]
[codepassenger.com/html/bigshow/celebrity-detail.html]
[codepassenger.com/html/bigshow/images/news/l1.png]
[codepassenger.com/html/bigshow/images/news/l2.png]
[codepassenger.com/html/bigshow/images/news/l3.png]
[codepassenger.com/html/bigshow/images/news/l4.png]
[codepassenger.com/html/bigshow/images/news/l5.png]
[codepassenger.com/html/bigshow/images/news/l6.png]
[codepassenger.com/html/bigshow/images/news/s1.png]
[codepassenger.com/html/bigshow/images/news/s2.png]
[codepassenger.com/html/bigshow/images/news/s3.png]
[codepassenger.com/html/bigshow/news.html]
[codepassenger.com/html/bigshow/images/news/single-thumb.png]
[codepassenger.com/html/bigshow/images/news/avatar1.png]
[codepassenger.com/html/bigshow/images/news/avatar2.png]
[codepassenger.com/html/bigshow/news-detail.html]
[codepassenger.com/html/bigshow/movie.html]
[codepassenger.com/html/bigshow/images/movies/upcomming-featured.png]
[codepassenger.com/html/bigshow/assets/fonts/glyphicons-halflings-regular.html]
[codepassenger.com/html/bigshow/assets/fonts/glyphicons-halflings-regular.svg]
[codepassenger.com/html/bigshow/assets/fonts/fontawesome-webfont3e6e.html]
[codepassenger.com/html/bigshow/assets/fonts/fontawesome-webfont3e6e.svg]
[codepassenger.com/html/bigshow/assets/img/grabbing.html]
[codepassenger.com/html/bigshow/images/bg/page-header.png]
[codepassenger.com/html/bigshow/images/slider/1.png]
[codepassenger.com/html/bigshow/images/slider/2.png]
[codepassenger.com/html/bigshow/images/slider/3.png]
[codepassenger.com/html/bigshow/images/bg/single-page-header.png]
[codepassenger.com/html/bigshow/images/movies/movie-single.png]
[codepassenger.com/html/bigshow/images/slider/single-1.png]
[codepassenger.com/html/bigshow/images/slider/single-2.png]
[codepassenger.com/html/bigshow/images/slider/single-3.png]
[codepassenger.com/html/bigshow/images/slider/1.png]
[codepassenger.com/html/bigshow/images/slider/2.png]
[codepassenger.com/html/bigshow/images/slider/3.png]
